Running Gradle task 'assembleDebug'...                          
Running Gradle task 'assembleDebug'...                           1,518ms
